// Jest Snapshot v1, https://goo.gl/fbAQLP

exports[`RenderLoginPage 1`] = `
<div
  className="container"
>
  <form
    className="auth_form"
    onSubmit={[Function]}
  >
    <input
      onChange={[Function]}
      placeholder="Username"
      type="text"
    />
    <input
      onChange={[Function]}
      placeholder="Password"
      type="text"
    />
    <button>
      Login
    </button>
  </form>
</div>
`;
